C51 COMPILER V8.12   COMMUNICATION                                                         09/24/2026 14:54:29 PAGE 1   


C51 COMPILER V8.12, COMPILATION OF MODULE COMMUNICATION
OBJECT MODULE PLACED IN Communication.OBJ
COMPILER INVOKED BY: C:\Keil\C51\BIN\C51.exe Communication.c DB OE BR INCDIR(C:\SiLabs\MCU\Inc) LARGE

line level    source

   1          #include "Communication.h"
   2          #include "functions.h"
   3          #include "CPU_setup.h"
   4          #include "shaker.h"
   5          #include "ADC.h"
   6          
   7          
   8          bit MessageReceived = 0;
   9          bit MessageSending = 0;
  10          unsigned char BoardAddress;
  11          unsigned char Command;
  12          unsigned char bufT[MESSAGE_SIZE];
  13          unsigned char bufR[MESSAGE_SIZE];
  14          
  15          extern unsigned long Wght;
  16          extern unsigned long ADC_avg;
  17          extern unsigned long X0, X1;
  18          extern unsigned long REF_value;
  19          extern unsigned char ShakingTime;
  20          extern xdata unsigned char ComData[UART0_BUFFER_SIZE];
  21          extern char ADC_canrun;
  22          extern bit AppCalibOffset_Done;
  23          extern bit AppCalibGain_Done;
  24          extern bit Shaker_Run;
  25          
  26          extern ShakStat ShakerStatus;
  27          
  28          void SendMessage(unsigned long Data)
  29          {
  30   1              unsigned char cnt;
  31   1              
  32   1              bufT[0] = START;
  33   1              bufT[1] = BoardAddress;
  34   1              bufT[2] = Command;
  35   1      
  36   1              bufT[3] = (Data & 0xFF000000) >> 24;
  37   1              bufT[4] = (Data & 0x00FF0000) >> 16;
  38   1              bufT[5] = (Data & 0x0000FF00) >> 8;
  39   1              bufT[6] = (Data & 0x000000FF);
  40   1      
  41   1              bufT[7] = END;
  42   1              bufT[8] = GenCheckSum();
  43   1      
  44   1              //sending
  45   1              MessageSending = 1;
  46   1              ComDir = 1;
  47   1              ES0= 0; //disable UART interrupt
  48   1              
  49   1              for(cnt = 0; cnt < 9; cnt++)
  50   1                      putc0(bufT[cnt]);
  51   1      
  52   1              MessageSending = 0;
  53   1              ComDir = 0;
  54   1              ES0= 1; //enable UART interrupt
  55   1              
C51 COMPILER V8.12   COMMUNICATION                                                         09/24/2026 14:54:29 PAGE 2   

  56   1      }
  57          
  58          unsigned char GenCheckSum(void)
  59          {
  60   1              unsigned char cnt, chck=0;
  61   1      
  62   1              for(cnt = 0; cnt < MESSAGE_SIZE-1; cnt++)
  63   1              chck = chck ^ bufT[cnt];
  64   1       
  65   1              return chck;    
  66   1      }
  67          
  68          
  69          unsigned char CalcCheckSum(unsigned char *buf)
  70          {
  71   1              unsigned char cnt, chck=0;
  72   1      
  73   1              for(cnt = 0; cnt < MESSAGE_SIZE-1; cnt++)
  74   1              chck = chck ^ buf[cnt];
  75   1       
  76   1              return chck;    
  77   1      }
  78          
  79          
  80          unsigned long ConvertBytesToLong(unsigned char *command)
  81          {
  82   1              unsigned long val = 0;
  83   1      
  84   1              val = val + (long) command[3];
  85   1              val = val * 256L + (long) command[4];
  86   1              val = val * 256L + (long) command[5];
  87   1              val = val * 256L + (long) command[6];
  88   1      
  89   1              return val;
  90   1      }
  91          
  92          
  93          unsigned char AnalyzeReceivedMessage(unsigned char *message)
  94          {
  95   1              unsigned long X0_temp=0, X1_temp=0;
  96   1                      
  97   1              if(message[1] != BoardAddress)
  98   1                      return 0;                                                       // neodgovarajuca adresa
  99   1              
 100   1              if(message[8] != CalcCheckSum(message))
 101   1                      return 2;                                                       // pogresna cek-suma
 102   1      
 103   1      
 104   1              Command = message[2];
 105   1              //CommandType = Command;        
 106   1      
 107   1              switch (Command)
 108   1              {
 109   2                      case COM_TEST:  
 110   2      
 111   2                              SendMessage(1);                 
 112   2                              break;
 113   2      
 114   2      
 115   2                      case REQUEST_FOR_WEIGHT:        
 116   2      
 117   2                              SendMessage(Wght);                      
C51 COMPILER V8.12   COMMUNICATION                                                         09/24/2026 14:54:29 PAGE 3   

 118   2                              break;
 119   2      
 120   2                      case REQUEST_FOR_AD_VALUE:       
 121   2      
 122   2                              SendMessage(ADC_avg); 
 123   2                              break;
 124   2                              
 125   2                      case REQUEST_FOR_X0_CURRENT_VALUE:
 126   2                              
 127   2                              SendMessage(X0);
 128   2                              break;
 129   2      
 130   2                      case REQUEST_FOR_X1_CURRENT_VALUE:
 131   2      
 132   2                              SendMessage(X1);
 133   2                              break;
 134   2      
 135   2                      case TAKE_REF_POINT_FOR_ZER0:
 136   2      
 137   2                              if(AppCalibO())
 138   2                                      SendMessage(1);
 139   2                              else
 140   2                                      SendMessage(2); 
 141   2      
 142   2                              break;
 143   2      
 144   2                      case TAKE_REF_POINT_FOR_REF_VALUE:
 145   2      
 146   2                              if(!AppCalibOffset_Done)        
 147   2                                      SendMessage(3); // nedostaje prethodno odradjena AppCalib za ofset
 148   2                              else 
 149   2                              {
 150   3                                      REF_value = ConvertBytesToLong(message);        // vidi sta ces sa ovim REF_value
 151   3                                      
 152   3                                      if(AppCalibG())
 153   3                                              SendMessage(1); // uspesna
 154   3                                      else 
 155   3                                              SendMessage(2); // neuspesna
 156   3                              }
 157   2              
 158   2                              break;
 159   2      
 160   2                      case WRITE_X0_VALUE:
 161   2      
 162   2                              X0_temp = ConvertBytesToLong(message);
 163   2      
 164   2                              if(X0_temp > 0  &&  X0_temp < 1048576)
 165   2                              {
 166   3                                      X0 = X0_temp;
 167   3                                      AppCalibOffset_Done = 1;
 168   3                                      SendMessage(1);
 169   3                              }
 170   2                              else
 171   2                              {
 172   3                                      AppCalibOffset_Done = 0;
 173   3                                      SendMessage(2);
 174   3                              }
 175   2      
 176   2                              break;
 177   2              
 178   2                      case WRITE_X1_VALUE:    
 179   2                      
C51 COMPILER V8.12   COMMUNICATION                                                         09/24/2026 14:54:29 PAGE 4   

 180   2                              X1_temp = ConvertBytesToLong(message);
 181   2      
 182   2                              if(!AppCalibOffset_Done)
 183   2                              {       
 184   3                                      ADC_canrun = 0;
 185   3                                      AppCalibGain_Done = 0;
 186   3                                      SendMessage(3); // nedostaje prethodno upisana vrednost za X0
 187   3                              }
 188   2                              else if(X1_temp > X0  &&  X1_temp < 1048576)
 189   2                              {
 190   3                                      X1 = X1_temp;
 191   3                                      ADC_canrun = 1;
 192   3                                      AppCalibGain_Done = 1;
 193   3                                      SendMessage(1);
 194   3                              }
 195   2                              else
 196   2                              {
 197   3                                      ADC_canrun = 0;
 198   3                                      AppCalibGain_Done = 0;
 199   3                                      SendMessage(2);
 200   3                              }
 201   2      
 202   2                              break;
 203   2      
 204   2                      case RUN_SHAKER:        
 205   2                      
 206   2                              //ShakingTime = message[6];     //ShakingTime = ConvertBytesToLong(message);
 207   2      
 208   2                              if(message[6] /*ShakingTime*/ > 0  &&  ShakerStatus == IDLE)
 209   2                              {
 210   3                                      ShakingTime = message[6];
 211   3                                      Shaker_Run = 1; //ShakerStatus = RUNNING; 
 212   3                                      SendMessage(1);
 213   3                              }
 214   2                              else
 215   2                              {
 216   3                                      Shaker_Run = 0; //ShakerStatus = IDLE;  
 217   3                                      SendMessage(2);
 218   3                              }
 219   2                              break;
 220   2              }
 221   1      
 222   1              return 1;
 223   1                      
 224   1      }
 225          
 226          
 227          
 228          void CommunicationLoop(void)
 229          {
 230   1              unsigned char i;
 231   1      
 232   1              if(MessageReceived)             // stigla poruka od masine
 233   1              {
 234   2                      for(i=0; i<MESSAGE_SIZE; i++)
 235   2                      bufR[i] = ComData[i];
 236   2      
 237   2                      AnalyzeReceivedMessage(bufR);
 238   2      
 239   2                      MessageReceived = 0;                    
 240   2              }
 241   1      
C51 COMPILER V8.12   COMMUNICATION                                                         09/24/2026 14:54:29 PAGE 5   

 242   1      }


MODULE INFORMATION:   STATIC OVERLAYABLE
   CODE SIZE        =   1178    ----
   CONSTANT SIZE    =   ----    ----
   XDATA SIZE       =     20      26
   PDATA SIZE       =   ----    ----
   DATA SIZE        =   ----    ----
   IDATA SIZE       =   ----    ----
   BIT SIZE         =      2    ----
END OF MODULE INFORMATION.


C51 COMPILATION COMPLETE.  0 WARNING(S),  0 ERROR(S)
