C51 COMPILER V8.12   CPU_STUP                                                              09/18/2026 15:10:49 PAGE 1   


C51 COMPILER V8.12, COMPILATION OF MODULE CPU_STUP
OBJECT MODULE PLACED IN CPU_stup.OBJ
COMPILER INVOKED BY: C:\Keil\C51\BIN\C51.exe CPU_stup.c DB OE BR INCDIR(C:\SiLabs\MCU\Inc) LARGE

line level    source

   1          #include "CPU_setup.h"
   2          
   3          
   4          void OscInit(void){
   5   1      int  i;
   6   1      
   7   1              OSCICN = 0x80;    // interni osc -> 24.5MHz
   8   1              CLKSEL = 0x00;    
   9   1              OSCICN = 0x83;    // max SYSCLK
  10   1                      CLKMUL = 0x00;    
  11   1                      CLKMUL |= 0x80;   // multiple sa 2
  12   1                      for(i = 0; i < 200; i++);
  13   1                      CLKMUL |= 0xC0; 
  14   1                      while(!(CLKMUL & 0x20));
  15   1              VDM0CN = 0x80;    
  16   1              RSTSRC = 0x06;    
  17   1              CLKSEL = 0x00;  
  18   1      }
  19          
  20          void DisableWDT(void)
  21          {
  22   1                      /* disable watchdog timer */
  23   1              PCA0MD &= ~0x40;  /* WDTE = 0 (clear watchdog timer */
  24   1      }
  25          
  26          void PortsInit(void){
  27   1              
  28   1              //P0MDOUT = 0x50;       //ranije je bilo P0MDOUT= 0xFF;  
  29   1              P0MDOUT = 0x58;         //zbog konfigurisanja P0.3 pina kao izlaznog u ulozi "softverskog" Tx-a ka motornom kont
             -roleru
  30   1      
  31   1              //P1MDOUT= 0xFF; // push pull 
  32   1              P1MDOUT= 0x00;  // open drain           
  33   1      
  34   1      
  35   1      
  36   1              XBR0      = 0x01;                           
  37   1              XBR1      = 0x40;
  38   1      }
  39          
  40          void ADC0_Init (char bip)       // bip= 1 => bipolar mode
  41          {
  42   1              if (bip) ADC0CN = 0x17;      // PGA 128, ADC Burnout onemogucen 
  43   1              else ADC0CN= 0x07;
  44   1              
  45   1                      REF0CN |= 0x01; /* (enable if using internal vref) */
  46   1                       
  47   1              ADC0CF = 0x00;  //0x04;         // SINC3, Interni VREF (2.5V)           
  48   1                 
  49   1              ADC0CLK = 19;           // MDCLK = SYSCLK / (ADC0CLK + 1) i za ADC Conversion clock = 2.45 MHz na 49MHz SYSCLK => 
             -ADC0CLK = 19
  50   1              ADC0MUX = 0x10;         // diferencijalni
  51   1      
  52   1              ADC0DECL= 20; //32;             //20=minimum
  53   1              ADC0DECH= 0;
C51 COMPILER V8.12   CPU_STUP                                                              09/18/2026 15:10:49 PAGE 2   

  54   1                                          
  55   1              ADC0MD = 0x80;  //0x82;         //      ADC0 enable u single mode- u    // AKO STOJI "ADC0MD=0x82" ONDA "ADC0STA" POSTANE
             - "0X32" IZ NEKOG RAZLOGA              
  56   1              
  57   1              //AD0INT = 1;
  58   1              //ADC0STA &= ~0x20;     // JA SAM OVO OSTAVIO ZA PROBU                          
  59   1      
  60   1      //      EIE1 |= 0x08;   //Enable ADC0 interrupt - JA SAM OVO AKTIVIRAO, ZA PROBU        
  61   1              
  62   1      }
  63          
  64          void Timer2_Init(void) 
  65          {
  66   1              TMR2CN = 0;     //ovrflw- 0;  Stop timer; Auto-Reload sa 16 bita
  67   1              CKCON = 0;      // 
  68   1      
  69   1              TMR2RLH = 0xF8; //0xF0; // 1ms
  70   1              TMR2RLL = 0x07; //0x0C; 
  71   1      
  72   1              TMR2CN |= 0x04; // startujes
  73   1      
  74   1              IE |= 0x20;     //EIE1 |= 0x80;
  75   1              ////EA = 1;     
  76   1      }
  77          
  78          /*
  79          void Timer3_Init(void) 
  80          {
  81                  TMR3CN = 0;     //ovrflw- 0;  Stop timer; Auto-Reload sa 16 bita
  82                  CKCON = 0;      // 
  83          
  84                  TMR3RLH = 0xF0; //0xF8; // 1ms
  85                  TMR3RLL = 0x0C; //0x07; 
  86          
  87                  TMR3CN |= 0x04; // startujes
  88          
  89                  EIE1 |= 0x80;
  90                  ////EA = 1;     
  91          }
  92          */
  93          void UARTInit (long bdr){
  94   1      
  95   1         SCON0 = 0x10;                       // SCON0: 8-bit variable bit rate
  96   1                                             //        level of STOP bit is ignored
  97   1                                             //        RX enabled
  98   1                                             //        ninth bits are zeros
  99   1                                             //        clear RI0 and TI0 bits
 100   1         if (SYSTEMCLOCK/bdr/2/256 < 1) {
 101   2            TH1 = -(SYSTEMCLOCK/bdr/2);
 102   2            CKCON &= ~0x0B;                  // T1M = 1; SCA1:0 = xx
 103   2            CKCON |=  0x08;
 104   2         } else if (SYSTEMCLOCK/bdr/2/256 < 4) {
 105   2            TH1 = -(SYSTEMCLOCK/bdr/2/4);
 106   2            CKCON &= ~0x0B;                  // T1M = 0; SCA1:0 = 01
 107   2            CKCON |=  0x01;
 108   2         } else if (SYSTEMCLOCK/bdr/2/256 < 12) {
 109   2            TH1 = -(SYSTEMCLOCK/bdr/2/12);
 110   2            CKCON &= ~0x0B;                  // T1M = 0; SCA1:0 = 00
 111   2         } else {
 112   2            TH1 = -(SYSTEMCLOCK/bdr/2/48);
 113   2            CKCON &= ~0x0B;                  // T1M = 0; SCA1:0 = 10
 114   2            CKCON |=  0x02;
C51 COMPILER V8.12   CPU_STUP                                                              09/18/2026 15:10:49 PAGE 3   

 115   2         }
 116   1      
 117   1         TL1 = TH1;                          // init Timer1
 118   1         TMOD &= ~0xf0;                      // TMOD: timer 1 in 8-bit autoreload
 119   1         TMOD |=  0x20;
 120   1         TR1 = 1;                            // START Timer1
 121   1        
 122   1         ES0 = 1;                            // Enable UART0 interrupts
 123   1      }
 124          /*
 125          void EnUart0Int(void)
 126          {
 127            ES0= 1;
 128          }
 129          
 130          void DisUart0Int(void)
 131          {
 132            ES0= 0;
 133          }
 134          */
 135          void CPUInit(char bip){
 136   1       
 137   1         OscInit();
 138   1         PortsInit();
 139   1         Timer2_Init();
 140   1         ADC0_Init (bip);
 141   1         UARTInit (115200);
 142   1      }
 143          


MODULE INFORMATION:   STATIC OVERLAYABLE
   CODE SIZE        =    517    ----
   CONSTANT SIZE    =   ----    ----
   XDATA SIZE       =   ----       4
   PDATA SIZE       =   ----    ----
   DATA SIZE        =   ----    ----
   IDATA SIZE       =   ----    ----
   BIT SIZE         =   ----    ----
END OF MODULE INFORMATION.


C51 COMPILATION COMPLETE.  0 WARNING(S),  0 ERROR(S)
