C51 COMPILER V8.12   DISPLAY                                                               09/25/2026 15:18:21 PAGE 1   


C51 COMPILER V8.12, COMPILATION OF MODULE DISPLAY
OBJECT MODULE PLACED IN display.OBJ
COMPILER INVOKED BY: C:\Keil\C51\BIN\C51.exe display.c DB OE BR INCDIR(C:\SiLabs\MCU\Inc) LARGE

line level    source

   1          #include <math.h>
   2          #include "CPU_setup.h"
   3          #include "display.h"
   4          
   5          Dspstruct  dspvar;
   6          
   7          bit Show_Weight = 0;
   8          bit Show_Time = 0;
   9          
  10          bit DPoint = 0;
  11          
  12          unsigned char digit=0;
  13          
  14          unsigned char DispOffset=2;
  15          
  16          
  17          code char       bcd27s[13] =
  18          {
  19          
  20                  /* numbers dp g f e d c b a */
  21                  0x3f, /* 0 */
  22                  0x06, /* 1 */
  23                  0x5b, /* 2 */
  24                  0x4f, /* 3 10 01 20 */
  25                  0x66, /* 4 1+e+g 01+08+82 */
  26                  0x6d, /* 5 -20 02-10 */
  27                  0x7c, /* 6 5+d-f +10-04 */
  28                  0x07, /* 7 */
  29                  0x7f, /* 8 -20 */
  30                  0x6f, /* 9 4+f 04 */
  31          
  32                  /* special */
  33                  0x80, /* '.' */
  34                  0x00, /* ' ' */
  35                  0x40, /* '-' */
  36          
  37                  
  38          };
  39          
  40          extern bit ADC_canrun;
  41          
  42          extern bit disp_show_flag;
  43          extern bit InternCalib_Done;
  44          extern unsigned char ShakingTime;
  45          extern unsigned long Wght;
  46          
  47          
  48          void DisplayInit(void)
  49          {
  50   1        dspvar.oldweight= 0xFFFF; //inicira pocetni ispis
  51   1        dspvar.newweight= 0;
  52   1      }
  53          
  54          void DisplayLoop(void)
  55          {
C51 COMPILER V8.12   DISPLAY                                                               09/25/2026 15:18:21 PAGE 2   

  56   1      
  57   1                       // pogledati da li je postavljen flag u timer3 na 3ms i ako nije => return.
  58   1      
  59   1              if (!disp_show_flag)
  60   1                      return;
  61   1              
  62   1      
  63   1              if (Show_Weight)        // prikaz izmerene tezine
  64   1              {
  65   2                      dspvar.newweight= Wght;         // PREMESTENO IZ ADCLoop
  66   2                      
  67   2                      if (!InternCalib_Done)
  68   2                      {
  69   3                              dspvar.Cif[0] = 10;
  70   3                              dspvar.Cif[1] = 10;
  71   3                              dspvar.Cif[2] = 10;
  72   3                      }
  73   2              
  74   2                      else if (!ADC_canrun)
  75   2                      {
  76   3                              dspvar.Cif[0] = 12;
  77   3                              dspvar.Cif[1] = 12;
  78   3                              dspvar.Cif[2] = 12;     
  79   3                      }
  80   2                      
  81   2                      else if (abs(dspvar.newweight - dspvar.oldweight) > DispOffset/*dspvar.newweight  != dspvar.oldweight*/)
             -                // mozda treba dati neki offset !!!
  82   2                      {       
  83   3                              dspvar.oldweight= dspvar.newweight;
  84   3                              //sracunaj 3 cifre i decimalne point- e (videti Kakobija.txt)
  85   3                              //i postavi dspvar.Cif i dspvar.Dsp 
  86   3              
  87   3                              //izdvajanje cifara
  88   3                              dspvar.Cif[0] = dspvar.oldweight % 10;
  89   3                              dspvar.Cif[1] = (dspvar.oldweight / 10) % 10;
  90   3                              dspvar.Cif[2] = (dspvar.oldweight / 100) % 10;          
  91   3                      }
  92   2              }
  93   1              else if (Show_Time)             // prikaz preostalog vremena miksovanja
  94   1              {       
  95   2                      dspvar.newTime = ShakingTime;
  96   2      
  97   2                      if ((dspvar.oldTime - dspvar.newTime) > 0)
  98   2                      {       
  99   3                              dspvar.oldTime= dspvar.newTime;
 100   3              
 101   3                              //izdvajanje cifara
 102   3                              dspvar.Cif[0] = dspvar.oldTime % 10;
 103   3                              dspvar.Cif[1] = (dspvar.oldTime / 10) % 10;
 104   3                              dspvar.Cif[2] = (dspvar.oldTime / 100) % 10;            
 105   3                      }       
 106   2              }
 107   1                      //prikaz na osnovu dspvar.Cif i dspvar.Dsp 
 108   1      
 109   1      
 110   1      
 111   1              ///Prikaz cifara na displej 
 112   1              P1=0x00;
 113   1      
 114   1              DS1 = 1;
 115   1              DS2 = 1;
 116   1              DS3 = 1;
C51 COMPILER V8.12   DISPLAY                                                               09/25/2026 15:18:21 PAGE 3   

 117   1      
 118   1      
 119   1              if(digit < 2)    
 120   1                      digit++;
 121   1              else
 122   1                  digit = 0;
 123   1      
 124   1              if(DPoint)
 125   1                      P1 = ~(bcd27s[dspvar.Cif[digit]]|0x80);
 126   1              else 
 127   1                      P1 = ~(bcd27s[dspvar.Cif[digit]]);
 128   1      
 129   1      
 130   1              if(digit == 0)
 131   1              {
 132   2                      DS1 = 0;
 133   2                      DS2 = 1;
 134   2                      DS3 = 1;
 135   2              }
 136   1              else if(digit == 1) 
 137   1              {
 138   2                      DS1 = 1;
 139   2                      DS2 = 0;
 140   2                      DS3 = 1;
 141   2              }
 142   1              else if(digit == 2) 
 143   1              {
 144   2                      DS1 = 1;
 145   2                      DS2 = 1;
 146   2                      DS3 = 0;
 147   2              }
 148   1      
 149   1      
 150   1      
 151   1              disp_show_flag = 0;             //reset flaga iz ISR od Tim3
 152   1      
 153   1      }
 154          


MODULE INFORMATION:   STATIC OVERLAYABLE
   CODE SIZE        =    432    ----
   CONSTANT SIZE    =     13    ----
   XDATA SIZE       =     18    ----
   PDATA SIZE       =   ----    ----
   DATA SIZE        =   ----    ----
   IDATA SIZE       =   ----    ----
   BIT SIZE         =      3    ----
END OF MODULE INFORMATION.


C51 COMPILATION COMPLETE.  0 WARNING(S),  0 ERROR(S)
