
BL51 BANKED LINKER/LOCATER V6.05 - SN: K1LSC-Y371WL
COPYRIGHT KEIL ELEKTRONIK GmbH 1987 - 2007
"D:\12.RBC shaker\Projekat\RBC_shaker_project-17092026-resen_SUART_ubacivanje_com_protokola\ADC.obj",
"D:\12.RBC shaker\Projekat\RBC_shaker_project-17092026-resen_SUART_ubacivanje_com_protokola\CPU_stup.obj",
"D:\12.RBC shaker\Projekat\RBC_shaker_project-17092026-resen_SUART_ubacivanje_com_protokola\display.obj",
"D:\12.RBC shaker\Projekat\RBC_shaker_project-17092026-resen_SUART_ubacivanje_com_protokola\interrupts.obj",
"D:\12.RBC shaker\Projekat\RBC_shaker_project-17092026-resen_SUART_ubacivanje_com_protokola\main.obj",
"D:\12.RBC shaker\Projekat\RBC_shaker_project-17092026-resen_SUART_ubacivanje_com_protokola\functions.obj",
"D:\12.RBC shaker\Projekat\RBC_shaker_project-17092026-resen_SUART_ubacivanje_com_protokola\Communication.obj",
"D:\12.RBC shaker\Projekat\RBC_shaker_project-17092026-resen_SUART_ubacivanje_com_protokola\STARTUP.obj"  TO "D:\12.RBC shaker\Projekat\RBC_shaker_project-17092026-resen_SUART_ubacivanje_com_protokola\RBC_shaker" RS(256) PL(68) PW(78) 

*** WARNING L16: UNCALLED SEGMENT, IGNORED FOR OVERLAY PROCESS
    SEGMENT: ?PR?ADC2ULONG?ADC

*** WARNING L16: UNCALLED SEGMENT, IGNORED FOR OVERLAY PROCESS
    SEGMENT: ?PR?INTERNCALIBO?ADC

*** WARNING L16: UNCALLED SEGMENT, IGNORED FOR OVERLAY PROCESS
    SEGMENT: ?PR?INTERNCALIBG?ADC

*** WARNING L16: UNCALLED SEGMENT, IGNORED FOR OVERLAY PROCESS
    SEGMENT: ?PR?SYSCALIBO?ADC

*** WARNING L16: UNCALLED SEGMENT, IGNORED FOR OVERLAY PROCESS
    SEGMENT: ?PR?SYSCALIBG?ADC

*** WARNING L16: UNCALLED SEGMENT, IGNORED FOR OVERLAY PROCESS
    SEGMENT: ?PR?ADCLOOP?ADC

*** WARNING L16: UNCALLED SEGMENT, IGNORED FOR OVERLAY PROCESS
    SEGMENT: ?PR?DISPLAYLOOP?DISPLAY

*** WARNING L16: UNCALLED SEGMENT, IGNORED FOR OVERLAY PROCESS
    SEGMENT: ?PR?_SENDMOTORSPEED?FUNCTIONS

*** WARNING L16: UNCALLED SEGMENT, IGNORED FOR OVERLAY PROCESS
    SEGMENT: ?PR?COMMUNICATIONLOOP?COMMUNICATION

Program Size: data=9.5 xdata=261 code=3906
LINK/LOCATE RUN COMPLETE.  9 WARNING(S),  0 ERROR(S)
